{"at":"2026-07-24T01:22:45.737Z","event":"DELIVERED","requestId":"FLEET_SELFTEST-001","mission":"FLEET_SELFTEST","pid":834661}
{"at":"2026-07-24T01:22:45.738Z","event":"ANSWERED","requestId":"FLEET_SELFTEST-001","mission":"FLEET_SELFTEST","attempts":1,"actions":2}
{"at":"2026-07-24T01:29:14.035Z","event":"DELIVERED","requestId":"ROADMAP_PHASE_4_FLEET_AND_PROVIDERS-001","mission":"ROADMAP_PHASE_4_FLEET_AND_PROVIDERS","pid":835363}
{"at":"2026-07-24T01:29:14.036Z","event":"ANSWERED","requestId":"ROADMAP_PHASE_4_FLEET_AND_PROVIDERS-001","mission":"ROADMAP_PHASE_4_FLEET_AND_PROVIDERS","attempts":1,"actions":2}
{"at":"2026-07-24T01:29:31.852Z","event":"DELIVERED","requestId":"ROADMAP_PHASE_5_ENTERPRISE-001","mission":"ROADMAP_PHASE_5_ENTERPRISE","pid":835515}
{"at":"2026-07-24T01:29:31.853Z","event":"ANSWERED","requestId":"ROADMAP_PHASE_5_ENTERPRISE-001","mission":"ROADMAP_PHASE_5_ENTERPRISE","attempts":1,"actions":2}
{"at":"2026-07-24T01:30:10.181Z","event":"DELIVERED","requestId":"ROADMAP_PHASE_4_FLEET_AND_PROVIDERS-002","mission":"ROADMAP_PHASE_4_FLEET_AND_PROVIDERS","pid":835686}
{"at":"2026-07-24T01:30:10.181Z","event":"ANSWERED","requestId":"ROADMAP_PHASE_4_FLEET_AND_PROVIDERS-002","mission":"ROADMAP_PHASE_4_FLEET_AND_PROVIDERS","attempts":1,"actions":2}
{"at":"2026-07-24T01:30:13.438Z","event":"DELIVERED","requestId":"ROADMAP_PHASE_4_FLEET_AND_PROVIDERS-003","mission":"ROADMAP_PHASE_4_FLEET_AND_PROVIDERS","pid":835809}
{"at":"2026-07-24T01:30:13.439Z","event":"ANSWERED","requestId":"ROADMAP_PHASE_4_FLEET_AND_PROVIDERS-003","mission":"ROADMAP_PHASE_4_FLEET_AND_PROVIDERS","attempts":1,"actions":2}
{"at":"2026-07-24T01:32:39.889Z","event":"DELIVERED","requestId":"ROADMAP_PHASE_4_FLEET_AND_PROVIDERS-004","mission":"ROADMAP_PHASE_4_FLEET_AND_PROVIDERS","pid":836459}
{"at":"2026-07-24T01:32:39.890Z","event":"ANSWERED","requestId":"ROADMAP_PHASE_4_FLEET_AND_PROVIDERS-004","mission":"ROADMAP_PHASE_4_FLEET_AND_PROVIDERS","attempts":1,"actions":2}
{"at":"2026-07-24T01:32:43.457Z","event":"DELIVERED","requestId":"ROADMAP_PHASE_5_ENTERPRISE-002","mission":"ROADMAP_PHASE_5_ENTERPRISE","pid":836578}
{"at":"2026-07-24T01:32:43.458Z","event":"ANSWERED","requestId":"ROADMAP_PHASE_5_ENTERPRISE-002","mission":"ROADMAP_PHASE_5_ENTERPRISE","attempts":1,"actions":2}
{"at":"2026-07-24T01:45:19.795Z","event":"DELIVERED","requestId":"ROADMAP_PHASE_4_FLEET_AND_PROVIDERS-005","mission":"ROADMAP_PHASE_4_FLEET_AND_PROVIDERS","pid":837532}
{"at":"2026-07-24T01:45:19.796Z","event":"ANSWERED","requestId":"ROADMAP_PHASE_4_FLEET_AND_PROVIDERS-005","mission":"ROADMAP_PHASE_4_FLEET_AND_PROVIDERS","attempts":1,"actions":2}
{"at":"2026-07-24T01:45:23.066Z","event":"DELIVERED","requestId":"ROADMAP_PHASE_5_ENTERPRISE-003","mission":"ROADMAP_PHASE_5_ENTERPRISE","pid":837653}
{"at":"2026-07-24T01:45:23.067Z","event":"ANSWERED","requestId":"ROADMAP_PHASE_5_ENTERPRISE-003","mission":"ROADMAP_PHASE_5_ENTERPRISE","attempts":1,"actions":2}
{"at":"2026-07-24T01:49:13.871Z","event":"DELIVERED","requestId":"ROADMAP_PHASE_4_FLEET_AND_PROVIDERS-006","mission":"ROADMAP_PHASE_4_FLEET_AND_PROVIDERS","pid":838203}
{"at":"2026-07-24T01:49:13.872Z","event":"ANSWERED","requestId":"ROADMAP_PHASE_4_FLEET_AND_PROVIDERS-006","mission":"ROADMAP_PHASE_4_FLEET_AND_PROVIDERS","attempts":1,"actions":2}
{"at":"2026-07-24T01:49:17.349Z","event":"DELIVERED","requestId":"ROADMAP_PHASE_5_ENTERPRISE-004","mission":"ROADMAP_PHASE_5_ENTERPRISE","pid":838317}
{"at":"2026-07-24T01:49:17.350Z","event":"ANSWERED","requestId":"ROADMAP_PHASE_5_ENTERPRISE-004","mission":"ROADMAP_PHASE_5_ENTERPRISE","attempts":1,"actions":2}
{"at":"2026-07-24T02:02:27.509Z","event":"DELIVERED","requestId":"ROADMAP_PHASE_4_FLEET_AND_PROVIDERS-007","mission":"ROADMAP_PHASE_4_FLEET_AND_PROVIDERS","pid":839714}
{"at":"2026-07-24T02:02:27.510Z","event":"ANSWERED","requestId":"ROADMAP_PHASE_4_FLEET_AND_PROVIDERS-007","mission":"ROADMAP_PHASE_4_FLEET_AND_PROVIDERS","attempts":1,"actions":2}
{"at":"2026-07-24T02:02:31.018Z","event":"DELIVERED","requestId":"ROADMAP_PHASE_5_ENTERPRISE-005","mission":"ROADMAP_PHASE_5_ENTERPRISE","pid":839829}
{"at":"2026-07-24T02:02:31.019Z","event":"ANSWERED","requestId":"ROADMAP_PHASE_5_ENTERPRISE-005","mission":"ROADMAP_PHASE_5_ENTERPRISE","attempts":1,"actions":2}
{"at":"2026-07-25T02:45:49.836Z","event":"DELIVERED","requestId":"ROADMAP_PHASE_5_ENTERPRISE-006","mission":"ROADMAP_PHASE_5_ENTERPRISE","pid":965740}
{"at":"2026-07-25T02:45:49.837Z","event":"ANSWERED","requestId":"ROADMAP_PHASE_5_ENTERPRISE-006","mission":"ROADMAP_PHASE_5_ENTERPRISE","attempts":1,"actions":2}
{"at":"2026-07-25T02:47:05.813Z","event":"DELIVERED","requestId":"ROADMAP_PHASE_4_FLEET_AND_PROVIDERS-008","mission":"ROADMAP_PHASE_4_FLEET_AND_PROVIDERS","pid":966122}
{"at":"2026-07-25T02:47:05.814Z","event":"ANSWERED","requestId":"ROADMAP_PHASE_4_FLEET_AND_PROVIDERS-008","mission":"ROADMAP_PHASE_4_FLEET_AND_PROVIDERS","attempts":1,"actions":2}
{"at":"2026-07-25T12:02:06.485Z","event":"DELIVERED","requestId":"ROADMAP_PHASE_4_FLEET_AND_PROVIDERS-009","mission":"ROADMAP_PHASE_4_FLEET_AND_PROVIDERS","pid":1034727}
{"at":"2026-07-25T12:02:06.487Z","event":"ANSWERED","requestId":"ROADMAP_PHASE_4_FLEET_AND_PROVIDERS-009","mission":"ROADMAP_PHASE_4_FLEET_AND_PROVIDERS","attempts":1,"actions":2}
{"at":"2026-07-25T12:02:28.873Z","event":"DELIVERED","requestId":"ROADMAP_PHASE_5_ENTERPRISE-007","mission":"ROADMAP_PHASE_5_ENTERPRISE","pid":1035091}
{"at":"2026-07-25T12:02:28.874Z","event":"ANSWERED","requestId":"ROADMAP_PHASE_5_ENTERPRISE-007","mission":"ROADMAP_PHASE_5_ENTERPRISE","attempts":1,"actions":2}
{"at":"2026-07-25T18:29:11.032Z","event":"DELIVERED","requestId":"ROADMAP_PHASE_4_FLEET_AND_PROVIDERS-010","mission":"ROADMAP_PHASE_4_FLEET_AND_PROVIDERS","pid":1066038}
{"at":"2026-07-25T18:29:11.034Z","event":"ANSWERED","requestId":"ROADMAP_PHASE_4_FLEET_AND_PROVIDERS-010","mission":"ROADMAP_PHASE_4_FLEET_AND_PROVIDERS","attempts":1,"actions":2}
{"at":"2026-07-25T18:29:34.518Z","event":"DELIVERED","requestId":"ROADMAP_PHASE_5_ENTERPRISE-008","mission":"ROADMAP_PHASE_5_ENTERPRISE","pid":1066395}
{"at":"2026-07-25T18:29:34.519Z","event":"ANSWERED","requestId":"ROADMAP_PHASE_5_ENTERPRISE-008","mission":"ROADMAP_PHASE_5_ENTERPRISE","attempts":1,"actions":2}
